// Jest Snapshot v1, https://goo.gl/fbAQLP

exports[`Async getAlbums gets albums 1`] = `
Array [
  Object {
    "albums": Array [
      Object {
        "id": 1,
        "title": "quidem molestiae enim",
        "userId": 1,
      },
      Object {
        "id": 2,
        "title": "sunt qui excepturi placeat culpa",
        "userId": 1,
      },
      Object {
        "id": 3,
        "title": "omnis laborum odio",
        "userId": 1,
      },
      Object {
        "id": 4,
        "title": "non esse culpa molestiae omnis sed optio",
        "userId": 1,
      },
      Object {
        "id": 5,
        "title": "eaque aut omnis a",
        "userId": 1,
      },
      Object {
        "id": 6,
        "title": "natus impedit quibusdam illo est",
        "userId": 1,
      },
      Object {
        "id": 7,
        "title": "quibusdam autem aliquid et et quia",
        "userId": 1,
      },
      Object {
        "id": 8,
        "title": "qui fuga est a eum",
        "userId": 1,
      },
      Object {
        "id": 9,
        "title": "saepe unde necessitatibus rem",
        "userId": 1,
      },
      Object {
        "id": 10,
        "title": "distinctio laborum qui",
        "userId": 1,
      },
      Object {
        "id": 11,
        "title": "quam nostrum impedit mollitia quod et dolor",
        "userId": 2,
      },
      Object {
        "id": 12,
        "title": "consequatur autem doloribus natus consectetur",
        "userId": 2,
      },
      Object {
        "id": 13,
        "title": "ab rerum non rerum consequatur ut ea unde",
        "userId": 2,
      },
      Object {
        "id": 14,
        "title": "ducimus molestias eos animi atque nihil",
        "userId": 2,
      },
      Object {
        "id": 15,
        "title": "ut pariatur rerum ipsum natus repellendus praesentium",
        "userId": 2,
      },
      Object {
        "id": 16,
        "title": "voluptatem aut maxime inventore autem magnam atque repellat",
        "userId": 2,
      },
      Object {
        "id": 17,
        "title": "aut minima voluptatem ut velit",
        "userId": 2,
      },
      Object {
        "id": 18,
        "title": "nesciunt quia et doloremque",
        "userId": 2,
      },
      Object {
        "id": 19,
        "title": "velit pariatur quaerat similique libero omnis quia",
        "userId": 2,
      },
      Object {
        "id": 20,
        "title": "voluptas rerum iure ut enim",
        "userId": 2,
      },
    ],
    "type": "GET_ALBUMS",
  },
]
`;
